[2026-03-27 09:15:03] ═══════════════════════════════════════════
[2026-03-27 09:15:03] 《天机录》自动续写守护进程启动
[2026-03-27 09:15:03] ═══════════════════════════════════════════
[2026-03-27 09:15:03] 检查章节完整性...
推断 arc_batch_size = 15
✅ 未发现章节空洞，无需修复
[2026-03-27 09:15:03] ─── 第 1 次生成（当前已有 270 章）───
已加载 concept 
文件：/Users/owen/Documents/workspace/bestseller/story-factory/concepts/tianjilu_00
1.json

╭─────────────────────────────────────────────────╮
│ 互动爽文小说生成器                              │
│ 基于 LifeScript IF 系统 · 支持1000章 · 真硬分支 │
╰─────────────────────────────────────────────────╯

╭─────────────────────────────────── 生成配置 ────────────────────────────────────╮
│   标题        天机录                                                            │
│   类型        修仙升级                                                          │
│   章节数      1200 章                                                           │
│   免费章节    30 章                                                             │
│   基调        爽快、热血、有层次，打脸节奏密集，每章至少一个反转或揭秘，大爽…   │
│   故事思路    废柴弟子陈机意外得到残缺天机录，能预见未来3个时辰的片段，但每 …   │
│   主角        陈机（外号「废材陈」），天青宗杂役弟子，战力15/100，谋略75/100…   │
│   硬分支      启用（3 条）                                                      │
│   断点续传    续写                                                              │
│   输出目录    /Users/owen/Documents/workspace/bestseller/output                 │
╰─────────────────────────────────────────────────────────────────────────────────╯

确认开始生成？ [y/N]: 
[2026-03-27 09:44:25] 退出码: 130 | 本轮生成章节: 1 | 累计: 271 章
[2026-03-27 09:44:25] 有进展，30 秒后重试...
[2026-03-27 09:44:56] 检查章节完整性...
推断 arc_batch_size = 15
✅ 未发现章节空洞，无需修复
[2026-03-27 09:44:56] ─── 第 2 次生成（当前已有 271 章）───
已加载 concept 
文件：/Users/owen/Documents/workspace/bestseller/story-factory/concepts/tianjilu_00
1.json

╭─────────────────────────────────────────────────╮
│ 互动爽文小说生成器                              │
│ 基于 LifeScript IF 系统 · 支持1000章 · 真硬分支 │
╰─────────────────────────────────────────────────╯

╭─────────────────────────────────── 生成配置 ────────────────────────────────────╮
│   标题        天机录                                                            │
│   类型        修仙升级                                                          │
│   章节数      1200 章                                                           │
│   免费章节    30 章                                                             │
│   基调        爽快、热血、有层次，打脸节奏密集，每章至少一个反转或揭秘，大爽…   │
│   故事思路    废柴弟子陈机意外得到残缺天机录，能预见未来3个时辰的片段，但每 …   │
│   主角        陈机（外号「废材陈」），天青宗杂役弟子，战力15/100，谋略75/100…   │
│   硬分支      启用（3 条）                                                      │
│   断点续传    续写                                                              │
│   输出目录    /Users/owen/Documents/workspace/bestseller/output                 │
╰─────────────────────────────────────────────────────────────────────────────────╯

确认开始生成？ [y/N]: [2026-03-27 09:45:37] 退出码: 130 | 本轮生成章节: 0 | 累计: 271 章
[2026-03-27 09:45:37] 无进展，等待 60s 后重试（可能是 API 暂时不可用）...
[2026-03-27 09:46:37] 检查章节完整性...
推断 arc_batch_size = 15
✅ 未发现章节空洞，无需修复
[2026-03-27 09:46:37] ─── 第 3 次生成（当前已有 271 章）───
已加载 concept 
文件：/Users/owen/Documents/workspace/bestseller/story-factory/concepts/tianjilu_00
1.json

╭─────────────────────────────────────────────────╮
│ 互动爽文小说生成器                              │
│ 基于 LifeScript IF 系统 · 支持1000章 · 真硬分支 │
╰─────────────────────────────────────────────────╯

╭─────────────────────────────────── 生成配置 ────────────────────────────────────╮
│   标题        天机录                                                            │
│   类型        修仙升级                                                          │
│   章节数      1200 章                                                           │
│   免费章节    30 章                                                             │
│   基调        爽快、热血、有层次，打脸节奏密集，每章至少一个反转或揭秘，大爽…   │
│   故事思路    废柴弟子陈机意外得到残缺天机录，能预见未来3个时辰的片段，但每 …   │
│   主角        陈机（外号「废材陈」），天青宗杂役弟子，战力15/100，谋略75/100…   │
│   硬分支      启用（3 条）                                                      │
│   断点续传    续写                                                              │
│   输出目录    /Users/owen/Documents/workspace/bestseller/output                 │
╰─────────────────────────────────────────────────────────────────────────────────╯

确认开始生成？ [y/N]: [2026-03-27 09:47:02] 退出码: 0 | 本轮生成章节: 0 | 累计: 271 章
[2026-03-27 09:47:02] ✅ 生成完成！共 271 章
[2026-03-27 09:47:02] ═══════════════════════════════════════════
[2026-03-27 09:47:02] 更新阅读器 story_package.json...
story_package.json 更新至 271 章
[2026-03-27 09:47:07] ═══════════════════════════════════════════
[2026-03-27 09:47:07] 《天机录》自动续写守护进程启动
[2026-03-27 09:47:07] ═══════════════════════════════════════════
推断 arc_batch_size = 15
✅ 未发现章节空洞，无需修复
[2026-03-27 09:47:07] ─── 第 1 次生成（当前已有 271 章）───
[2026-03-27 18:15:46] 退出码: 1 | 本轮新增: 225 章 | 累计: 496 章
[2026-03-27 18:15:46] 有进展，30s 后重试...
推断 arc_batch_size = 15
✅ 未发现章节空洞，无需修复
[2026-03-27 18:16:16] ─── 第 2 次生成（当前已有 496 章）───
[2026-03-27 19:14:31] 退出码: 1 | 本轮新增: 11 章 | 累计: 507 章
[2026-03-27 19:14:31] 有进展，30s 后重试...
推断 arc_batch_size = 15
✅ 未发现章节空洞，无需修复
[2026-03-27 19:15:01] ─── 第 3 次生成（当前已有 507 章）───
[2026-03-27 23:35:42] 退出码: 1 | 本轮新增: 99 章 | 累计: 606 章
[2026-03-27 23:35:42] 有进展，30s 后重试...
推断 arc_batch_size = 15
✅ 未发现章节空洞，无需修复
[2026-03-27 23:36:12] ─── 第 4 次生成（当前已有 606 章）───
[2026-03-28 11:13:51] ═══════════════════════════════════════════
[2026-03-28 11:13:51] 《天机录》自动续写守护进程启动
[2026-03-28 11:13:51] ═══════════════════════════════════════════
推断 arc_batch_size = 15
✅ 未发现章节空洞，无需修复
[2026-03-28 11:13:51] ─── 第 1 次生成（当前已有 923 章）───
[2026-03-28 19:45:01] 退出码: 1 | 本轮新增: 228 章 | 累计: 1151 章
[2026-03-28 19:45:02] 有进展，30s 后重试...
推断 arc_batch_size = 15

⚠️  弧77 (key=76): ch1141-1152 只有 12 张卡，应有 15 张（应到 ch1155）
   缺失章节: ch1153-ch1155 (3 章)

开始修复...

修复弧77 (ch1141-ch1155):
  删除 ch1141.json
  删除 ch1142.json
  删除 ch1143.json
  删除 ch1144.json
  删除 ch1145.json
  删除 ch1146.json
  删除 ch1147.json
  删除 ch1148.json
  删除 ch1149.json
  删除 ch1150.json
  删除 ch1151.json
  移除弧计划 key=76（将重新规划）

备份原始 progress 到: if_progress.json.bak
✅ progress 文件已更新

现在可以运行：
  ./scripts/tianjilu.sh --resume
弧将被重新规划（完整15章），缺失章节将被补充生成。
[2026-03-28 19:45:32] ─── 第 2 次生成（当前已有 1151 章）───
[2026-03-28 20:43:27] 退出码: 1 | 本轮新增: -11 章 | 累计: 1140 章
[2026-03-28 20:43:27] 无进展（可能 API 过载），等待 60s 后重试...
推断 arc_batch_size = 15
✅ 未发现章节空洞，无需修复
[2026-03-28 20:44:28] ─── 第 3 次生成（当前已有 1140 章）───
[2026-03-28 20:44:29] 退出码: 1 | 本轮新增: 0 章 | 累计: 1140 章
[2026-03-28 20:44:29] 无进展（可能 API 过载），等待 120s 后重试...
推断 arc_batch_size = 15
✅ 未发现章节空洞，无需修复
[2026-03-28 20:46:29] ─── 第 4 次生成（当前已有 1140 章）───
[2026-03-28 20:46:31] 退出码: 1 | 本轮新增: 0 章 | 累计: 1140 章
[2026-03-28 20:46:31] 无进展（可能 API 过载），等待 240s 后重试...
推断 arc_batch_size = 15
✅ 未发现章节空洞，无需修复
[2026-03-28 20:50:31] ─── 第 5 次生成（当前已有 1140 章）───
[2026-03-28 20:50:32] 退出码: 1 | 本轮新增: 0 章 | 累计: 1140 章
[2026-03-28 20:50:32] 无进展（可能 API 过载），等待 300s 后重试...
[2026-03-28 20:53:44] ═══════════════════════════════════════════
[2026-03-28 20:53:44] 《天机录》自动续写守护进程启动
[2026-03-28 20:53:44] ═══════════════════════════════════════════
推断 arc_batch_size = 15
✅ 未发现章节空洞，无需修复
[2026-03-28 20:53:44] ─── 第 1 次生成（当前已有 1140 章）───
[2026-03-28 20:53:46] 退出码: 1 | 本轮新增: 0 章 | 累计: 1140 章
[2026-03-28 20:53:46] 无进展（可能 API 过载），等待 60s 后重试...
[2026-03-28 21:15:35] ═══════════════════════════════════════════
[2026-03-28 21:15:35] 《天机录》自动续写守护进程启动
[2026-03-28 21:15:35] ═══════════════════════════════════════════
推断 arc_batch_size = 15
✅ 未发现章节空洞，无需修复
[2026-03-28 21:15:35] ─── 第 1 次生成（当前已有 1140 章）───
[2026-03-29 01:45:24] 退出码: 1 | 本轮新增: 60 章 | 累计: 1200 章
[2026-03-29 01:45:24] 有进展，30s 后重试...
推断 arc_batch_size = 15
✅ 未发现章节空洞，无需修复
[2026-03-29 01:45:54] ─── 第 2 次生成（当前已有 1200 章）───
[2026-03-29 04:14:27] 退出码: 1 | 本轮新增: 0 章 | 累计: 1200 章
[2026-03-29 04:14:27] 无进展（可能 API 过载），等待 60s 后重试...
推断 arc_batch_size = 15
✅ 未发现章节空洞，无需修复
[2026-03-29 04:15:28] ─── 第 3 次生成（当前已有 1200 章）───
[2026-03-29 08:40:55] 退出码: 1 | 本轮新增: 0 章 | 累计: 1200 章
[2026-03-29 08:40:55] 无进展（可能 API 过载），等待 120s 后重试...
推断 arc_batch_size = 15
✅ 未发现章节空洞，无需修复
[2026-03-29 08:42:55] ─── 第 4 次生成（当前已有 1200 章）───
[2026-03-29 09:44:19] 退出码: 130 | 本轮新增: 0 章 | 累计: 1200 章
[2026-03-29 09:44:19] 无进展（可能 API 过载），等待 240s 后重试...
