扫描前 50 章提取术语...
⠋ 提取术语                                            0% 0:00:00
╭─────────────────────── Traceback (most recent call last) ───────────────────────╮
│ /Users/owen/Documents/workspace/bestseller/scripts/translate_novel.py:781 in    │
│ cmd_extract_glossary                                                            │
│                                                                                 │
│   778 │   │   console.print(f"[red]源目录不存在：{input}[/red]")                │
│   779 │   │   raise typer.Exit(1)                                               │
│   780 │                                                                         │
│ ❱ 781 │   extract_glossary(                                                     │
│   782 │   │   chapters_dir=input,                                               │
│   783 │   │   output_path=glossary_path,                                        │
│   784 │   │   model=model,                                                      │
│                                                                                 │
│ /Users/owen/Documents/workspace/bestseller/scripts/translate_novel.py:462 in    │
│ extract_glossary                                                                │
│                                                                                 │
│   459 │   │   │   │   │   │   break                                             │
│   460 │   │   │   content = "\n\n".join(snippets)                               │
│   461 │   │   │                                                                 │
│ ❱ 462 │   │   │   prompt = GLOSSARY_EXTRACT_PROMPT.format(content=content)      │
│   463 │   │   │   try:                                                          │
│   464 │   │   │   │   raw = _llm_call(                                          │
│   465 │   │   │   │   │   prompt=prompt,                                        │
╰─────────────────────────────────────────────────────────────────────────────────╯
KeyError: '"中文原文"'
扫描前 50 章提取术语...
  提取术语 ━━━━━━━━━━━━━━━━━━━━━━━━━━━━━━━━━━━━━━━━ 100% 0:02:07
术语表已保存：/Users/owen/Documents/workspace/bestseller/output/天机录/translations
/glossary.json（共 112 个条目）

下一步： 可手动编辑术语表后再运行翻译命令。
  术语表路径：/Users/owen/Documents/workspace/bestseller/output/天机录/translations
/glossary.json
